// Jest Snapshot v1, https://goo.gl/fbAQLP

exports[`Test Spinner component It should render correctly with initial Props 1`] = `
<div>
  <div
    class="loader undefined"
  />
</div>
`;
