// Jest Snapshot v1, https://goo.gl/fbAQLP

exports[`Test BodyContent component It should render correctly with initial Props 1`] = `
<div>
  <div
    class="content-wrapper"
  />
</div>
`;
