// Jest Snapshot v1, https://goo.gl/fbAQLP

exports[`Test Sidebar component It should render correctly with initial Props 1`] = `
<div>
  <aside
    class="sidebar-wrapper"
  />
</div>
`;
