// Jest Snapshot v1, https://goo.gl/fbAQLP

exports[`Test TodoItem component It should render correctly with initial Props 1`] = `
<div>
  <li
    class="todo-item"
  >
    <div
      class="round"
    >
      <input
        type="checkbox"
      />
      <label
        data-testid="check-done-todo"
        for="checkbox"
      />
    </div>
    <p
      class="todo-task"
    >
      task 1
    </p>
    <img
      alt="delete"
      class="icon"
      data-testid="delete-todo"
      src="IMAGE_MOCK"
    />
  </li>
</div>
`;
